2026-01-13 21:31:30 +0000 [MT] Initial pipeline context: <IDEDistributionProcessingPipelineContext: 0xa41f28600; archive(resolved)="<IDEArchive: 0xa41d3b480>", distributionTask(resolved)="2", distributionDestination(resolved)="1", distributionMethod(resolved)="<IDEDistributionMethodDeveloperID: 0xa41e9c3d0>", team(resolved)="<IDEProvisioningBasicTeam: 0xa3f873700; teamID='G398H44H6X', teamName='(null)'>">
	Chain (12, self inclusive):
	<IDEDistributionProcessingPipelineContext: 0xa41f28600; archive = "<IDEArchive: 0xa41d3b480>", distributionMethod="<IDEDistributionMethodDeveloperID: 0xa41e9c3d0>", team="<IDEProvisioningBasicTeam: 0xa3f873700; teamID='G398H44H6X', teamName='(null)'>">
	<IDEDistributionProcessingPipelineContext: 0xa41f28300; archive = "<IDEArchive: 0xa41d3b480>", distributionMethod="<IDEDistributionMethodDeveloperID: 0xa41e9c3d0>", team="<IDEProvisioningBasicTeam: 0xa3f873700; teamID='G398H44H6X', teamName='(null)'>">
	<IDEDistributionContext: 0xa403fa080; archive = "<IDEArchive: 0xa41d3b480>", distributionMethod="<IDEDistributionMethodDeveloperID: 0xa41e9c3d0>", team="<IDEProvisioningBasicTeam: 0xa3f873700; teamID='G398H44H6X', teamName='(null)'>">
	<IDEDistributionContext: 0xa403f9e00; archive = "<IDEArchive: 0xa41d3b480>", distributionMethod="<IDEDistributionMethodDeveloperID: 0xa41e9c3d0>", team="<IDEProvisioningBasicTeam: 0xa3f873700; teamID='G398H44H6X', teamName='(null)'>">
	<IDEDistributionContext: 0xa403f9b80; archive = "<IDEArchive: 0xa41d3b480>", distributionMethod="<IDEDistributionMethodDeveloperID: 0xa41e9c3d0>", team="<IDEProvisioningBasicTeam: 0xa3f873700; teamID='G398H44H6X', teamName='(null)'>">
	<IDEDistributionContext: 0xa403f9900; archive = "<IDEArchive: 0xa41d3b480>", distributionMethod="<IDEDistributionMethodDeveloperID: 0xa41e9c3d0>", team="<IDEProvisioningBasicTeam: 0xa3f873700; teamID='G398H44H6X', teamName='(null)'>">
	<IDEDistributionContext: 0xa403f8a00; archive = "<IDEArchive: 0xa41d3b480>", distributionMethod="<IDEDistributionMethodDeveloperID: 0xa41e9c3d0>", team="<IDEProvisioningBasicTeam: 0xa3f873700; teamID='G398H44H6X', teamName='(null)'>">
	<IDEDistributionContext: 0xa403f8780; archive = "<IDEArchive: 0xa41d3b480>", distributionMethod="<IDEDistributionMethodDeveloperID: 0xa41e9c3d0>", team="<IDEProvisioningBasicTeam: 0xa3f873700; teamID='G398H44H6X', teamName='(null)'>">
	<IDEDistributionContext: 0xa403f8500; archive = "<IDEArchive: 0xa41d3b480>", distributionMethod="<IDEDistributionMethodDeveloperID: 0xa41e9c3d0>", team="<IDEProvisioningBasicTeam: 0xa3f873700; teamID='G398H44H6X', teamName='(null)'>">
	<IDEDistributionContext: 0xa403f8280; archive = "<IDEArchive: 0xa41d3b480>", distributionMethod="<IDEDistributionMethodDeveloperID: 0xa41e9c3d0>", team="(null)">
	<IDEDistributionContext: 0xa403f8000; archive = "<IDEArchive: 0xa41d3b480>", distributionMethod="<IDEDistributionMethodDeveloperID: 0xa41e9c3d0>", team="(null)">
	<IDEDistributionContext: 0x104b2e750; archive = "<IDEArchive: 0xa41d3b480>", distributionMethod="(null)", team="(null)">
</IDEDistributionProcessingPipelineContext: 0xa41f28600>
2026-01-13 21:31:30 +0000 [MT] Processing step: IDEDistributionCreateDestRootStep
2026-01-13 21:31:30 +0000 [MT] Processing step: IDEDistributionCopyItemStep
2026-01-13 21:31:30 +0000 [MT] Running /usr/bin/ditto '-V' '/Users/keegandewitt/Projector/release-build/Projector.xcarchive/Products/Applications/Projector.app' '/var/folders/6l/31d7vxnn2zj0d929mgqg2v0m0000gn/T/XcodeDistPipeline.~~~KD6odC/Root/Applications/Projector.app'
2026-01-13 21:31:30 +0000  >>> Copying /Users/keegandewitt/Projector/release-build/Projector.xcarchive/Products/Applications/Projector.app 
2026-01-13 21:31:30 +0000  copying file ./Contents/_CodeSignature/CodeResources ... 
2026-01-13 21:31:30 +0000  5571 bytes for ./Contents/_CodeSignature/CodeResources
2026-01-13 21:31:30 +0000  copying file ./Contents/MacOS/Projector ... 
2026-01-13 21:31:30 +0000  9556256 bytes for ./Contents/MacOS/Projector
2026-01-13 21:31:30 +0000  copying file ./Contents/PlugIns/ProjectorQuickLook.appex/Contents/_CodeSignature/CodeResources ... 
2026-01-13 21:31:30 +0000  2960 bytes for ./Contents/PlugIns/ProjectorQuickLook.appex/Contents/_CodeSignature/CodeResources
2026-01-13 21:31:30 +0000  copying file ./Contents/PlugIns/ProjectorQuickLook.appex/Contents/MacOS/ProjectorQuickLook ... 
2026-01-13 21:31:30 +0000  138576 bytes for ./Contents/PlugIns/ProjectorQuickLook.appex/Contents/MacOS/ProjectorQuickLook
2026-01-13 21:31:30 +0000  copying file ./Contents/PlugIns/ProjectorQuickLook.appex/Contents/Resources/Base.lproj/PreviewViewController.nib ... 
2026-01-13 21:31:30 +0000  1326 bytes for ./Contents/PlugIns/ProjectorQuickLook.appex/Contents/Resources/Base.lproj/PreviewViewController.nib
2026-01-13 21:31:30 +0000  copying file ./Contents/PlugIns/ProjectorQuickLook.appex/Contents/Resources/Assets.car ... 
2026-01-13 21:31:30 +0000  143448 bytes for ./Contents/PlugIns/ProjectorQuickLook.appex/Contents/Resources/Assets.car
2026-01-13 21:31:30 +0000  copying file ./Contents/PlugIns/ProjectorQuickLook.appex/Contents/Resources/DocumentIcon.icns ... 
2026-01-13 21:31:30 +0000  1566298 bytes for ./Contents/PlugIns/ProjectorQuickLook.appex/Contents/Resources/DocumentIcon.icns
2026-01-13 21:31:30 +0000  copying file ./Contents/PlugIns/ProjectorQuickLook.appex/Contents/Info.plist ... 
2026-01-13 21:31:30 +0000  1883 bytes for ./Contents/PlugIns/ProjectorQuickLook.appex/Contents/Info.plist
2026-01-13 21:31:30 +0000  copying file ./Contents/Resources/AppIcon.icns ... 
2026-01-13 21:31:30 +0000  70804 bytes for ./Contents/Resources/AppIcon.icns
2026-01-13 21:31:30 +0000  copying file ./Contents/Resources/Assets.car ... 
2026-01-13 21:31:30 +0000  903880 bytes for ./Contents/Resources/Assets.car
2026-01-13 21:31:30 +0000  copying file ./Contents/Resources/DocumentIcon.icns ... 
2026-01-13 21:31:30 +0000  1566298 bytes for ./Contents/Resources/DocumentIcon.icns
2026-01-13 21:31:30 +0000  copying file ./Contents/Resources/Iconoir_Iconoir.bundle/Contents/_CodeSignature/CodeResources ... 
2026-01-13 21:31:30 +0000  2442 bytes for ./Contents/Resources/Iconoir_Iconoir.bundle/Contents/_CodeSignature/CodeResources
2026-01-13 21:31:30 +0000  copying file ./Contents/Resources/Iconoir_Iconoir.bundle/Contents/_CodeSignature/CodeDirectory ... 
2026-01-13 21:31:30 +0000  223 bytes for ./Contents/Resources/Iconoir_Iconoir.bundle/Contents/_CodeSignature/CodeDirectory
2026-01-13 21:31:30 +0000  copying file ./Contents/Resources/Iconoir_Iconoir.bundle/Contents/_CodeSignature/CodeSignature ... 
2026-01-13 21:31:30 +0000  8976 bytes for ./Contents/Resources/Iconoir_Iconoir.bundle/Contents/_CodeSignature/CodeSignature
2026-01-13 21:31:30 +0000  copying file ./Contents/Resources/Iconoir_Iconoir.bundle/Contents/_CodeSignature/CodeRequirements ... 
2026-01-13 21:31:30 +0000  224 bytes for ./Contents/Resources/Iconoir_Iconoir.bundle/Contents/_CodeSignature/CodeRequirements
2026-01-13 21:31:30 +0000  copying file ./Contents/Resources/Iconoir_Iconoir.bundle/Contents/Resources/Assets.car ... 
2026-01-13 21:31:30 +0000  3542536 bytes for ./Contents/Resources/Iconoir_Iconoir.bundle/Contents/Resources/Assets.car
2026-01-13 21:31:30 +0000  copying file ./Contents/Resources/Iconoir_Iconoir.bundle/Contents/Info.plist ... 
2026-01-13 21:31:30 +0000  1131 bytes for ./Contents/Resources/Iconoir_Iconoir.bundle/Contents/Info.plist
2026-01-13 21:31:30 +0000  copying file ./Contents/Resources/Credits.rtfd/TXT.rtf ... 
2026-01-13 21:31:30 +0000  419 bytes for ./Contents/Resources/Credits.rtfd/TXT.rtf
2026-01-13 21:31:30 +0000  copying file ./Contents/Info.plist ... 
2026-01-13 21:31:30 +0000  3341 bytes for ./Contents/Info.plist
2026-01-13 21:31:30 +0000  copying file ./Contents/PkgInfo ... 
2026-01-13 21:31:30 +0000  8 bytes for ./Contents/PkgInfo
2026-01-13 21:31:30 +0000 [MT] /usr/bin/ditto exited with 0
2026-01-13 21:31:30 +0000 [MT] Processing step: IDEDistributionEmbedProfileStep
2026-01-13 21:31:30 +0000 [MT] Skipping profile for item: <IDEDistributionItem: 0xa4038eb80; bundleID='com.projector.app.ProjectorQuickLook', path='<DVTFilePath:0xa41e70b60:'/Users/keegandewitt/Projector/release-build/Projector.xcarchive/Products/Applications/Projector.app/Contents/PlugIns/ProjectorQuickLook.appex'>', codeSigningInfo='<_DVTCodeSigningInformation_Path: 0xa4038ea60; isSigned='1', isAdHocSigned='0', signingCertificate='<DVTSigningCertificate: 0xa402dec40; name='Developer ID Application: Keegan DeWitt (G398H44H6X)', hash='571594AB2C06F1B5A70C6D8DFED5FAF21D9698A0', serialNumber='46B6CE3F441BD266', certificateKinds='(
    "1.2.840.113635.100.6.1.13"
), issueDate='2025-10-16 23:52:43 +0000''>', entitlements='{
    "com.apple.security.app-sandbox" = 1;
    "com.apple.security.files.user-selected.read-only" = 1;
}', teamID='G398H44H6X', identifier='com.projector.app.ProjectorQuickLook', executablePath='<DVTFilePath:0xa41e70c40:'/Users/keegandewitt/Projector/release-build/Projector.xcarchive/Products/Applications/Projector.app/Contents/PlugIns/ProjectorQuickLook.appex/Contents/MacOS/ProjectorQuickLook'>', hardenedRuntime='1'>'>
2026-01-13 21:31:30 +0000 [MT] Skipping profile for item: <IDEDistributionItem: 0xa4038eb20; bundleID='com.projector.app', path='<DVTFilePath:0xa4033fa20:'/Users/keegandewitt/Projector/release-build/Projector.xcarchive/Products/Applications/Projector.app'>', codeSigningInfo='<_DVTCodeSigningInformation_Path: 0xa4038ebe0; isSigned='1', isAdHocSigned='0', signingCertificate='<DVTSigningCertificate: 0xa402dec40; name='Developer ID Application: Keegan DeWitt (G398H44H6X)', hash='571594AB2C06F1B5A70C6D8DFED5FAF21D9698A0', serialNumber='46B6CE3F441BD266', certificateKinds='(
    "1.2.840.113635.100.6.1.13"
), issueDate='2025-10-16 23:52:43 +0000''>', entitlements='{
    "com.apple.security.app-sandbox" = 1;
    "com.apple.security.files.bookmarks.app-scope" = 1;
    "com.apple.security.files.user-selected.read-only" = 1;
    "com.apple.security.files.user-selected.read-write" = 1;
    "com.apple.security.network.client" = 1;
}', teamID='G398H44H6X', identifier='com.projector.app', executablePath='<DVTFilePath:0xa4038cea0:'/Users/keegandewitt/Projector/release-build/Projector.xcarchive/Products/Applications/Projector.app/Contents/MacOS/Projector'>', hardenedRuntime='1'>'>
2026-01-13 21:31:30 +0000 [MT] Processing step: IDEDistributionInfoPlistStep
2026-01-13 21:31:30 +0000 [MT] Skipping step: IDEDistributionInfoPlistStep because it said so
2026-01-13 21:31:30 +0000 [MT] Skipping step: IDEDistributionInfoPlistStep because it said so
2026-01-13 21:31:30 +0000 [MT] Processing step: IDEDistributionAppThinningPlistStep
2026-01-13 21:31:30 +0000 [MT] Processing step: IDEDistributionSymbolsStep
2026-01-13 21:31:30 +0000 [MT] Skipping step: IDEDistributionSymbolsStep because it said so
2026-01-13 21:31:30 +0000 [MT] Processing step: IDEDistributionAppThinningStep
2026-01-13 21:31:30 +0000 [MT] Skipping step: IDEDistributionAppThinningStep because it said so
2026-01-13 21:31:30 +0000 [MT] Processing step: IDEDistributionArchThinningStep
2026-01-13 21:31:30 +0000 [MT] Archs to thin for item /Users/keegandewitt/Projector/release-build/Projector.xcarchive/Products/Applications/Projector.app/Contents/PlugIns/ProjectorQuickLook.appex are []
2026-01-13 21:31:30 +0000 [MT] Archs to thin for item /Users/keegandewitt/Projector/release-build/Projector.xcarchive/Products/Applications/Projector.app are []
2026-01-13 21:31:30 +0000 [MT] Processing step: IDEDistributionODRStep
2026-01-13 21:31:30 +0000 [MT] Processing step: IDEDistributionStripXattrsStep
2026-01-13 21:31:30 +0000 [MT] Skipping stripping extended attributes because the codesign step will strip them.
2026-01-13 21:31:30 +0000 [MT] Skipping stripping extended attributes because the codesign step will strip them.
2026-01-13 21:31:30 +0000 [MT] Processing step: IDEDistributionCodesignStep
2026-01-13 21:31:30 +0000 [MT] Entitlements for <IDEDistributionItem: 0xa4038eb80; bundleID='com.projector.app.ProjectorQuickLook', path='<DVTFilePath:0xa41e70b60:'/Users/keegandewitt/Projector/release-build/Projector.xcarchive/Products/Applications/Projector.app/Contents/PlugIns/ProjectorQuickLook.appex'>', codeSigningInfo='<_DVTCodeSigningInformation_Path: 0xa4038ea60; isSigned='1', isAdHocSigned='0', signingCertificate='<DVTSigningCertificate: 0xa402dec40; name='Developer ID Application: Keegan DeWitt (G398H44H6X)', hash='571594AB2C06F1B5A70C6D8DFED5FAF21D9698A0', serialNumber='46B6CE3F441BD266', certificateKinds='(
    "1.2.840.113635.100.6.1.13"
), issueDate='2025-10-16 23:52:43 +0000''>', entitlements='{
    "com.apple.security.app-sandbox" = 1;
    "com.apple.security.files.user-selected.read-only" = 1;
}', teamID='G398H44H6X', identifier='com.projector.app.ProjectorQuickLook', executablePath='<DVTFilePath:0xa41e70c40:'/Users/keegandewitt/Projector/release-build/Projector.xcarchive/Products/Applications/Projector.app/Contents/PlugIns/ProjectorQuickLook.appex/Contents/MacOS/ProjectorQuickLook'>', hardenedRuntime='1'>'>: {
    "com.apple.security.app-sandbox" = 1;
    "com.apple.security.files.user-selected.read-only" = 1;
}
2026-01-13 21:31:30 +0000 [MT] Associated App Clip Identifiers Filter: Skipping because "com.apple.developer.associated-appclip-app-identifiers" is not present
2026-01-13 21:31:30 +0000 [MT] Entitlements for <IDEDistributionItem: 0xa4038eb80; bundleID='com.projector.app.ProjectorQuickLook', path='<DVTFilePath:0xa41e70b60:'/Users/keegandewitt/Projector/release-build/Projector.xcarchive/Products/Applications/Projector.app/Contents/PlugIns/ProjectorQuickLook.appex'>', codeSigningInfo='<_DVTCodeSigningInformation_Path: 0xa4038ea60; isSigned='1', isAdHocSigned='0', signingCertificate='<DVTSigningCertificate: 0xa402dea00; name='Developer ID Application: Keegan DeWitt (G398H44H6X)', hash='571594AB2C06F1B5A70C6D8DFED5FAF21D9698A0', serialNumber='46B6CE3F441BD266', certificateKinds='(
    "1.2.840.113635.100.6.1.13"
), issueDate='2025-10-16 23:52:43 +0000''>', entitlements='{
    "com.apple.security.app-sandbox" = 1;
    "com.apple.security.files.user-selected.read-only" = 1;
}', teamID='G398H44H6X', identifier='com.projector.app.ProjectorQuickLook', executablePath='<DVTFilePath:0xa41e70c40:'/Users/keegandewitt/Projector/release-build/Projector.xcarchive/Products/Applications/Projector.app/Contents/PlugIns/ProjectorQuickLook.appex/Contents/MacOS/ProjectorQuickLook'>', hardenedRuntime='1'>'> are: {
    "com.apple.security.app-sandbox" = 1;
    "com.apple.security.files.user-selected.read-only" = 1;
}
2026-01-13 21:31:30 +0000 [MT] Writing entitlements for <IDEDistributionItem: 0xa4038eb80; bundleID='com.projector.app.ProjectorQuickLook', path='<DVTFilePath:0xa41e70b60:'/Users/keegandewitt/Projector/release-build/Projector.xcarchive/Products/Applications/Projector.app/Contents/PlugIns/ProjectorQuickLook.appex'>', codeSigningInfo='<_DVTCodeSigningInformation_Path: 0xa4038ea60; isSigned='1', isAdHocSigned='0', signingCertificate='<DVTSigningCertificate: 0xa402dea00; name='Developer ID Application: Keegan DeWitt (G398H44H6X)', hash='571594AB2C06F1B5A70C6D8DFED5FAF21D9698A0', serialNumber='46B6CE3F441BD266', certificateKinds='(
    "1.2.840.113635.100.6.1.13"
), issueDate='2025-10-16 23:52:43 +0000''>', entitlements='{
    "com.apple.security.app-sandbox" = 1;
    "com.apple.security.files.user-selected.read-only" = 1;
}', teamID='G398H44H6X', identifier='com.projector.app.ProjectorQuickLook', executablePath='<DVTFilePath:0xa41e70c40:'/Users/keegandewitt/Projector/release-build/Projector.xcarchive/Products/Applications/Projector.app/Contents/PlugIns/ProjectorQuickLook.appex/Contents/MacOS/ProjectorQuickLook'>', hardenedRuntime='1'>'> to: /var/folders/6l/31d7vxnn2zj0d929mgqg2v0m0000gn/T/XcodeDistPipeline.~~~KD6odC/entitlements~~~cvdOpo
2026-01-13 21:31:30 +0000 [MT] invoking codesign: <NSConcreteTask: 0xa42156d00; launchPath='/usr/bin/codesign', arguments='(
    "-f",
    "-s",
    571594AB2C06F1B5A70C6D8DFED5FAF21D9698A0,
    "--entitlements",
    "/var/folders/6l/31d7vxnn2zj0d929mgqg2v0m0000gn/T/XcodeDistPipeline.~~~KD6odC/entitlements~~~cvdOpo",
    "--requirements",
    "=designated => anchor apple generic  and identifier \"$self.identifier\" and ((cert leaf[field.1.2.840.113635.100.6.1.9] exists) or ( certificate 1[field.1.2.840.113635.100.6.2.6] exists and certificate leaf[field.1.2.840.113635.100.6.1.13] exists  and certificate leaf[subject.OU] = \"G398H44H6X\" ))",
    "--preserve-metadata=identifier,flags,runtime,launch-constraints,library-constraints",
    "--generate-entitlement-der",
    "--strip-disallowed-xattrs",
    "-vvv",
    "/var/folders/6l/31d7vxnn2zj0d929mgqg2v0m0000gn/T/XcodeDistPipeline.~~~KD6odC/Root/Applications/Projector.app/Contents/PlugIns/ProjectorQuickLook.appex"
)'>
2026-01-13 21:31:30 +0000 [MT] codesign output: /var/folders/6l/31d7vxnn2zj0d929mgqg2v0m0000gn/T/XcodeDistPipeline.~~~KD6odC/Root/Applications/Projector.app/Contents/PlugIns/ProjectorQuickLook.appex: replacing existing signature
/var/folders/6l/31d7vxnn2zj0d929mgqg2v0m0000gn/T/XcodeDistPipeline.~~~KD6odC/Root/Applications/Projector.app/Contents/PlugIns/ProjectorQuickLook.appex: signed bundle with Mach-O universal (x86_64 arm64) [com.projector.app.ProjectorQuickLook]
2026-01-13 21:31:30 +0000 [MT] Entitlements for <IDEDistributionItem: 0xa4038eb20; bundleID='com.projector.app', path='<DVTFilePath:0xa4033fa20:'/Users/keegandewitt/Projector/release-build/Projector.xcarchive/Products/Applications/Projector.app'>', codeSigningInfo='<_DVTCodeSigningInformation_Path: 0xa4038ebe0; isSigned='1', isAdHocSigned='0', signingCertificate='<DVTSigningCertificate: 0xa402dec40; name='Developer ID Application: Keegan DeWitt (G398H44H6X)', hash='571594AB2C06F1B5A70C6D8DFED5FAF21D9698A0', serialNumber='46B6CE3F441BD266', certificateKinds='(
    "1.2.840.113635.100.6.1.13"
), issueDate='2025-10-16 23:52:43 +0000''>', entitlements='{
    "com.apple.security.app-sandbox" = 1;
    "com.apple.security.files.bookmarks.app-scope" = 1;
    "com.apple.security.files.user-selected.read-only" = 1;
    "com.apple.security.files.user-selected.read-write" = 1;
    "com.apple.security.network.client" = 1;
}', teamID='G398H44H6X', identifier='com.projector.app', executablePath='<DVTFilePath:0xa4038cea0:'/Users/keegandewitt/Projector/release-build/Projector.xcarchive/Products/Applications/Projector.app/Contents/MacOS/Projector'>', hardenedRuntime='1'>'>: {
    "com.apple.security.app-sandbox" = 1;
    "com.apple.security.files.bookmarks.app-scope" = 1;
    "com.apple.security.files.user-selected.read-only" = 1;
    "com.apple.security.files.user-selected.read-write" = 1;
    "com.apple.security.network.client" = 1;
}
2026-01-13 21:31:30 +0000 [MT] Associated App Clip Identifiers Filter: Skipping because "com.apple.developer.associated-appclip-app-identifiers" is not present
2026-01-13 21:31:30 +0000 [MT] Entitlements for <IDEDistributionItem: 0xa4038eb20; bundleID='com.projector.app', path='<DVTFilePath:0xa4033fa20:'/Users/keegandewitt/Projector/release-build/Projector.xcarchive/Products/Applications/Projector.app'>', codeSigningInfo='<_DVTCodeSigningInformation_Path: 0xa4038ebe0; isSigned='1', isAdHocSigned='0', signingCertificate='<DVTSigningCertificate: 0xa402dea00; name='Developer ID Application: Keegan DeWitt (G398H44H6X)', hash='571594AB2C06F1B5A70C6D8DFED5FAF21D9698A0', serialNumber='46B6CE3F441BD266', certificateKinds='(
    "1.2.840.113635.100.6.1.13"
), issueDate='2025-10-16 23:52:43 +0000''>', entitlements='{
    "com.apple.security.app-sandbox" = 1;
    "com.apple.security.files.bookmarks.app-scope" = 1;
    "com.apple.security.files.user-selected.read-only" = 1;
    "com.apple.security.files.user-selected.read-write" = 1;
    "com.apple.security.network.client" = 1;
}', teamID='G398H44H6X', identifier='com.projector.app', executablePath='<DVTFilePath:0xa4038cea0:'/Users/keegandewitt/Projector/release-build/Projector.xcarchive/Products/Applications/Projector.app/Contents/MacOS/Projector'>', hardenedRuntime='1'>'> are: {
    "com.apple.security.app-sandbox" = 1;
    "com.apple.security.files.bookmarks.app-scope" = 1;
    "com.apple.security.files.user-selected.read-only" = 1;
    "com.apple.security.files.user-selected.read-write" = 1;
    "com.apple.security.network.client" = 1;
}
2026-01-13 21:31:30 +0000 [MT] Writing entitlements for <IDEDistributionItem: 0xa4038eb20; bundleID='com.projector.app', path='<DVTFilePath:0xa4033fa20:'/Users/keegandewitt/Projector/release-build/Projector.xcarchive/Products/Applications/Projector.app'>', codeSigningInfo='<_DVTCodeSigningInformation_Path: 0xa4038ebe0; isSigned='1', isAdHocSigned='0', signingCertificate='<DVTSigningCertificate: 0xa402dea00; name='Developer ID Application: Keegan DeWitt (G398H44H6X)', hash='571594AB2C06F1B5A70C6D8DFED5FAF21D9698A0', serialNumber='46B6CE3F441BD266', certificateKinds='(
    "1.2.840.113635.100.6.1.13"
), issueDate='2025-10-16 23:52:43 +0000''>', entitlements='{
    "com.apple.security.app-sandbox" = 1;
    "com.apple.security.files.bookmarks.app-scope" = 1;
    "com.apple.security.files.user-selected.read-only" = 1;
    "com.apple.security.files.user-selected.read-write" = 1;
    "com.apple.security.network.client" = 1;
}', teamID='G398H44H6X', identifier='com.projector.app', executablePath='<DVTFilePath:0xa4038cea0:'/Users/keegandewitt/Projector/release-build/Projector.xcarchive/Products/Applications/Projector.app/Contents/MacOS/Projector'>', hardenedRuntime='1'>'> to: /var/folders/6l/31d7vxnn2zj0d929mgqg2v0m0000gn/T/XcodeDistPipeline.~~~KD6odC/entitlements~~~h7n6ee
2026-01-13 21:31:30 +0000 [MT] invoking codesign: <NSConcreteTask: 0xa42156df0; launchPath='/usr/bin/codesign', arguments='(
    "-f",
    "-s",
    571594AB2C06F1B5A70C6D8DFED5FAF21D9698A0,
    "--entitlements",
    "/var/folders/6l/31d7vxnn2zj0d929mgqg2v0m0000gn/T/XcodeDistPipeline.~~~KD6odC/entitlements~~~h7n6ee",
    "--requirements",
    "=designated => anchor apple generic  and identifier \"$self.identifier\" and ((cert leaf[field.1.2.840.113635.100.6.1.9] exists) or ( certificate 1[field.1.2.840.113635.100.6.2.6] exists and certificate leaf[field.1.2.840.113635.100.6.1.13] exists  and certificate leaf[subject.OU] = \"G398H44H6X\" ))",
    "--preserve-metadata=identifier,flags,runtime,launch-constraints,library-constraints",
    "--generate-entitlement-der",
    "--strip-disallowed-xattrs",
    "-vvv",
    "/var/folders/6l/31d7vxnn2zj0d929mgqg2v0m0000gn/T/XcodeDistPipeline.~~~KD6odC/Root/Applications/Projector.app"
)'>
2026-01-13 21:31:30 +0000 [MT] codesign output: /var/folders/6l/31d7vxnn2zj0d929mgqg2v0m0000gn/T/XcodeDistPipeline.~~~KD6odC/Root/Applications/Projector.app: replacing existing signature
/var/folders/6l/31d7vxnn2zj0d929mgqg2v0m0000gn/T/XcodeDistPipeline.~~~KD6odC/Root/Applications/Projector.app: signed app bundle with Mach-O universal (x86_64 arm64) [com.projector.app]
2026-01-13 21:31:30 +0000 [MT] Processing step: IDEDistributionZipODRItemStep
2026-01-13 21:31:30 +0000 [MT] Skipping step: IDEDistributionZipODRItemStep because it said so
2026-01-13 21:31:30 +0000 [MT] Skipping step: IDEDistributionZipODRItemStep because it said so
2026-01-13 21:31:30 +0000 [MT] Processing step: IDEDistributionSkipPackagingStep
2026-01-13 21:31:30 +0000 [MT] Processing step: IDEDistributionAppStoreInformationStep
2026-01-13 21:31:30 +0000 [MT] Skipping step: IDEDistributionAppStoreInformationStep because it said so
2026-01-13 21:31:30 +0000 [MT] Processing step: IDEDistributionGenerateProcessedDistributionItems
2026-01-13 21:31:30 +0000 [MT] IDEDistributionItem init <DVTFilePath:0xa420aa610:'/var/folders/6l/31d7vxnn2zj0d929mgqg2v0m0000gn/T/XcodeDistPipeline.~~~KD6odC/Root/Applications/Projector.app/Contents/PlugIns/ProjectorQuickLook.appex'>
2026-01-13 21:31:30 +0000 [MT] [OPTIONAL] Didn't find embedded provisioning profile for <DVTFilePath:0xa420aa610:'/var/folders/6l/31d7vxnn2zj0d929mgqg2v0m0000gn/T/XcodeDistPipeline.~~~KD6odC/Root/Applications/Projector.app/Contents/PlugIns/ProjectorQuickLook.appex'>: Error Domain=NSCocoaErrorDomain Code=4 "No file at <DVTFilePath:0xa420aa7d0:'/var/folders/6l/31d7vxnn2zj0d929mgqg2v0m0000gn/T/XcodeDistPipeline.~~~KD6odC/Root/Applications/Projector.app/Contents/PlugIns/ProjectorQuickLook.appex/Contents/embedded.provisionprofile'>" UserInfo={NSLocalizedDescription=No file at <DVTFilePath:0xa420aa7d0:'/var/folders/6l/31d7vxnn2zj0d929mgqg2v0m0000gn/T/XcodeDistPipeline.~~~KD6odC/Root/Applications/Projector.app/Contents/PlugIns/ProjectorQuickLook.appex/Contents/embedded.provisionprofile'>}
2026-01-13 21:31:30 +0000 [MT] IDEDistributionItem init <DVTFilePath:0xa3f975f20:'/var/folders/6l/31d7vxnn2zj0d929mgqg2v0m0000gn/T/XcodeDistPipeline.~~~KD6odC/Root/Applications/Projector.app'>
2026-01-13 21:31:30 +0000 [MT] [OPTIONAL] Didn't find embedded provisioning profile for <DVTFilePath:0xa3f975f20:'/var/folders/6l/31d7vxnn2zj0d929mgqg2v0m0000gn/T/XcodeDistPipeline.~~~KD6odC/Root/Applications/Projector.app'>: Error Domain=NSCocoaErrorDomain Code=4 "No file at <DVTFilePath:0xa420aa840:'/var/folders/6l/31d7vxnn2zj0d929mgqg2v0m0000gn/T/XcodeDistPipeline.~~~KD6odC/Root/Applications/Projector.app/Contents/embedded.provisionprofile'>" UserInfo={NSLocalizedDescription=No file at <DVTFilePath:0xa420aa840:'/var/folders/6l/31d7vxnn2zj0d929mgqg2v0m0000gn/T/XcodeDistPipeline.~~~KD6odC/Root/Applications/Projector.app/Contents/embedded.provisionprofile'>}
2026-01-13 21:31:30 +0000 [MT] Processing step: IDEDistributionCreateManifestStep
2026-01-13 21:31:30 +0000 [MT] Skipping step: IDEDistributionCreateManifestStep because it said so
